// 重构日志: 98efcabc
// 同步 ID: b9bfbe21 @ Mon Jul 20 08:47:49 UTC 2026
// 重构日志: a2015dba
// 同步 ID: db8a6463 @ Tue Jul 21 07:06:46 UTC 2026
// 同步 ID: cde51588 @ Tue Jul 21 10:54:52 UTC 2026
// 同步 ID: f28784ed @ Wed Jul 22 00:45:45 UTC 2026
// 同步 ID: 79f47666 @ Wed Jul 22 04:07:24 UTC 2026
// 同步 ID: 58c07eee @ Wed Jul 22 07:22:57 UTC 2026
// 重构日志: a8520d6c
// 同步 ID: af681a1b @ Wed Jul 22 13:06:22 UTC 2026
// 同步 ID: c0350af1 @ Thu Jul 23 11:13:04 UTC 2026
// 同步 ID: e94ff188 @ Thu Jul 23 13:40:38 UTC 2026
// 同步 ID: bae3ec03 @ Thu Jul 23 15:35:04 UTC 2026
// 同步 ID: a790bb20 @ Fri Jul 24 16:03:18 UTC 2026
// 同步 ID: 5cf86431 @ Fri Jul 24 22:33:29 UTC 2026
// 同步 ID: 87ae5145 @ Sat Jul 25 11:44:55 UTC 2026
// 重构日志: fb149d86
// 重构日志: a0b666ca
// 重构日志: ef3ad890
// 重构日志: 05cfb3d9
// 重构日志: 05cde4a7
// 重构日志: 8da3e876
// 重构日志: c9a7d69a
// 重构日志: b5ea2d38
// 重构日志: 2eb3b7aa
// 重构日志: 42f612b8
// 重构日志: c2a40606
// 重构日志: b944100c
// 重构日志: 6e6cbf32
// 同步 ID: 65fa0ff2 @ Wed Jul 29 10:46:32 UTC 2026
// 重构日志: 4ed48c78
